// Jest Snapshot v1, https://goo.gl/fbAQLP

exports[`Auth render should correctly render Auth component 1`] = `
<v-frame-stub>
  <auth-form-stub inited="true" closable="true"></auth-form-stub>
</v-frame-stub>
`;
