// Jest Snapshot v1, https://goo.gl/fbAQLP

exports[`Authorized render should correctly render Authorized component 1`] = `
<v-frame-stub>
  <logout-form-stub closable="true"></logout-form-stub>
</v-frame-stub>
`;
