// Jest Snapshot v1, https://goo.gl/fbAQLP

exports[`LogoutForm render should correctly render LogoutForm component 1`] = `
<form>
  <form-field-stub>
    <message-stub data-test="form-message">You are currently logged in. Press "Log out" button to terminate your current session.</message-stub>
  </form-field-stub>
  <form-controls-stub>
    <v-button-stub type="primary" submit="true" data-test="submit-button">Log out</v-button-stub>
    <v-button-stub data-test="cancel-button">Close</v-button-stub>
  </form-controls-stub>
</form>
`;
