// Jest Snapshot v1, https://goo.gl/fbAQLP

exports[`Message render should correctly render Message component 1`] = `<p class="message"></p>`;
