// Jest Snapshot v1, https://goo.gl/fbAQLP

exports[`OtpForm render should correctly render OtpForm component 1`] = `
<form>
  <form-field-stub>
    <message-stub data-test="form-message">Enter the 6 digit code generated by your authenticator app.</message-stub>
  </form-field-stub>
  <!---->
  <form-field-stub>
    <v-input-stub placeholder="Enter received code..." name="code" value="" invalid="true" autofocus="true" type="number" data-test="email-input"></v-input-stub>
  </form-field-stub>
  <form-controls-stub>
    <v-button-stub disabled="true" type="primary" submit="true" data-test="submit-button">
      Submit code
    </v-button-stub>
    <v-button-stub data-test="cancel-button">Close</v-button-stub>
  </form-controls-stub>
</form>
`;
